DDI-MedLine.d106.s8|DDI-MedLine.d106.s8.e0|DDI-MedLine.d106.s8.e2|int
DDI-MedLine.d106.s8|DDI-MedLine.d106.s8.e1|DDI-MedLine.d106.s8.e2|int
DDI-DrugBank.d8.s3|DDI-DrugBank.d8.s3.e0|DDI-DrugBank.d8.s3.e2|mechanism
DDI-DrugBank.d8.s3|DDI-DrugBank.d8.s3.e0|DDI-DrugBank.d8.s3.e3|mechanism
DDI-DrugBank.d8.s3|DDI-DrugBank.d8.s3.e0|DDI-DrugBank.d8.s3.e4|mechanism
DDI-DrugBank.d8.s3|DDI-DrugBank.d8.s3.e1|DDI-DrugBank.d8.s3.e2|mechanism
DDI-DrugBank.d8.s3|DDI-DrugBank.d8.s3.e1|DDI-DrugBank.d8.s3.e3|mechanism
DDI-DrugBank.d8.s3|DDI-DrugBank.d8.s3.e1|DDI-DrugBank.d8.s3.e4|mechanism
DDI-DrugBank.d8.s5|DDI-DrugBank.d8.s5.e0|DDI-DrugBank.d8.s5.e1|effect
DDI-DrugBank.d416.s2|DDI-DrugBank.d416.s2.e0|DDI-DrugBank.d416.s2.e1|mechanism
DDI-DrugBank.d318.s12|DDI-DrugBank.d318.s12.e0|DDI-DrugBank.d318.s12.e2|effect
DDI-DrugBank.d318.s12|DDI-DrugBank.d318.s12.e0|DDI-DrugBank.d318.s12.e3|effect
DDI-DrugBank.d318.s12|DDI-DrugBank.d318.s12.e1|DDI-DrugBank.d318.s12.e2|effect
DDI-DrugBank.d318.s12|DDI-DrugBank.d318.s12.e1|DDI-DrugBank.d318.s12.e3|effect
DDI-DrugBank.d318.s14|DDI-DrugBank.d318.s14.e0|DDI-DrugBank.d318.s14.e1|mechanism
DDI-DrugBank.d318.s14|DDI-DrugBank.d318.s14.e0|DDI-DrugBank.d318.s14.e2|mechanism
DDI-DrugBank.d253.s0|DDI-DrugBank.d253.s0.e0|DDI-DrugBank.d253.s0.e1|effect
DDI-DrugBank.d509.s2|DDI-DrugBank.d509.s2.e0|DDI-DrugBank.d509.s2.e1|effect
DDI-DrugBank.d73.s0|DDI-DrugBank.d73.s0.e0|DDI-DrugBank.d73.s0.e1|effect
DDI-DrugBank.d73.s2|DDI-DrugBank.d73.s2.e0|DDI-DrugBank.d73.s2.e1|effect
DDI-DrugBank.d489.s2|DDI-DrugBank.d489.s2.e0|DDI-DrugBank.d489.s2.e1|effect
DDI-DrugBank.d489.s7|DDI-DrugBank.d489.s7.e0|DDI-DrugBank.d489.s7.e3|effect
DDI-DrugBank.d489.s7|DDI-DrugBank.d489.s7.e0|DDI-DrugBank.d489.s7.e4|effect
DDI-DrugBank.d489.s7|DDI-DrugBank.d489.s7.e1|DDI-DrugBank.d489.s7.e3|effect
DDI-DrugBank.d489.s7|DDI-DrugBank.d489.s7.e1|DDI-DrugBank.d489.s7.e4|effect
DDI-DrugBank.d489.s7|DDI-DrugBank.d489.s7.e2|DDI-DrugBank.d489.s7.e3|effect
DDI-DrugBank.d489.s7|DDI-DrugBank.d489.s7.e2|DDI-DrugBank.d489.s7.e4|effect
DDI-DrugBank.d269.s16|DDI-DrugBank.d269.s16.e0|DDI-DrugBank.d269.s16.e1|effect
DDI-DrugBank.d269.s16|DDI-DrugBank.d269.s16.e0|DDI-DrugBank.d269.s16.e2|effect
DDI-DrugBank.d269.s18|DDI-DrugBank.d269.s18.e0|DDI-DrugBank.d269.s18.e3|effect
DDI-DrugBank.d269.s18|DDI-DrugBank.d269.s18.e0|DDI-DrugBank.d269.s18.e4|effect
DDI-DrugBank.d269.s18|DDI-DrugBank.d269.s18.e1|DDI-DrugBank.d269.s18.e3|effect
DDI-DrugBank.d269.s18|DDI-DrugBank.d269.s18.e1|DDI-DrugBank.d269.s18.e4|effect
DDI-DrugBank.d269.s18|DDI-DrugBank.d269.s18.e2|DDI-DrugBank.d269.s18.e3|effect
DDI-DrugBank.d269.s18|DDI-DrugBank.d269.s18.e2|DDI-DrugBank.d269.s18.e4|effect
DDI-DrugBank.d446.s0|DDI-DrugBank.d446.s0.e0|DDI-DrugBank.d446.s0.e1|int
DDI-DrugBank.d446.s0|DDI-DrugBank.d446.s0.e0|DDI-DrugBank.d446.s0.e2|int
DDI-DrugBank.d446.s0|DDI-DrugBank.d446.s0.e0|DDI-DrugBank.d446.s0.e3|int
DDI-DrugBank.d446.s0|DDI-DrugBank.d446.s0.e0|DDI-DrugBank.d446.s0.e4|int
DDI-DrugBank.d446.s0|DDI-DrugBank.d446.s0.e0|DDI-DrugBank.d446.s0.e5|int
DDI-DrugBank.d446.s0|DDI-DrugBank.d446.s0.e0|DDI-DrugBank.d446.s0.e6|int
DDI-DrugBank.d446.s0|DDI-DrugBank.d446.s0.e0|DDI-DrugBank.d446.s0.e7|int
DDI-DrugBank.d446.s0|DDI-DrugBank.d446.s0.e0|DDI-DrugBank.d446.s0.e8|int
DDI-DrugBank.d446.s0|DDI-DrugBank.d446.s0.e0|DDI-DrugBank.d446.s0.e9|int
DDI-DrugBank.d446.s0|DDI-DrugBank.d446.s0.e0|DDI-DrugBank.d446.s0.e10|int
DDI-DrugBank.d446.s0|DDI-DrugBank.d446.s0.e0|DDI-DrugBank.d446.s0.e11|int
DDI-DrugBank.d446.s0|DDI-DrugBank.d446.s0.e0|DDI-DrugBank.d446.s0.e12|int
DDI-DrugBank.d446.s0|DDI-DrugBank.d446.s0.e0|DDI-DrugBank.d446.s0.e13|int
DDI-DrugBank.d250.s3|DDI-DrugBank.d250.s3.e0|DDI-DrugBank.d250.s3.e1|effect
DDI-DrugBank.d223.s26|DDI-DrugBank.d223.s26.e0|DDI-DrugBank.d223.s26.e2|effect
DDI-DrugBank.d531.s38|DDI-DrugBank.d531.s38.e0|DDI-DrugBank.d531.s38.e2|mechanism
DDI-DrugBank.d531.s38|DDI-DrugBank.d531.s38.e1|DDI-DrugBank.d531.s38.e2|mechanism
DDI-DrugBank.d395.s8|DDI-DrugBank.d395.s8.e0|DDI-DrugBank.d395.s8.e4|advise
DDI-DrugBank.d395.s8|DDI-DrugBank.d395.s8.e1|DDI-DrugBank.d395.s8.e4|advise
DDI-DrugBank.d395.s8|DDI-DrugBank.d395.s8.e2|DDI-DrugBank.d395.s8.e4|advise
DDI-DrugBank.d395.s8|DDI-DrugBank.d395.s8.e3|DDI-DrugBank.d395.s8.e4|advise
DDI-DrugBank.d219.s27|DDI-DrugBank.d219.s27.e0|DDI-DrugBank.d219.s27.e1|mechanism
DDI-DrugBank.d776.s20|DDI-DrugBank.d776.s20.e0|DDI-DrugBank.d776.s20.e1|effect
DDI-DrugBank.d776.s20|DDI-DrugBank.d776.s20.e0|DDI-DrugBank.d776.s20.e2|effect
DDI-DrugBank.d78.s1|DDI-DrugBank.d78.s1.e0|DDI-DrugBank.d78.s1.e12|advise
DDI-DrugBank.d78.s1|DDI-DrugBank.d78.s1.e1|DDI-DrugBank.d78.s1.e12|advise
DDI-DrugBank.d78.s1|DDI-DrugBank.d78.s1.e2|DDI-DrugBank.d78.s1.e12|advise
DDI-DrugBank.d78.s1|DDI-DrugBank.d78.s1.e3|DDI-DrugBank.d78.s1.e12|advise
DDI-DrugBank.d78.s1|DDI-DrugBank.d78.s1.e4|DDI-DrugBank.d78.s1.e12|advise
DDI-DrugBank.d78.s1|DDI-DrugBank.d78.s1.e5|DDI-DrugBank.d78.s1.e12|advise
DDI-DrugBank.d78.s1|DDI-DrugBank.d78.s1.e6|DDI-DrugBank.d78.s1.e12|advise
DDI-DrugBank.d78.s1|DDI-DrugBank.d78.s1.e7|DDI-DrugBank.d78.s1.e12|advise
DDI-DrugBank.d78.s1|DDI-DrugBank.d78.s1.e8|DDI-DrugBank.d78.s1.e12|advise
DDI-DrugBank.d78.s1|DDI-DrugBank.d78.s1.e9|DDI-DrugBank.d78.s1.e12|advise
DDI-DrugBank.d78.s1|DDI-DrugBank.d78.s1.e10|DDI-DrugBank.d78.s1.e12|advise
DDI-DrugBank.d78.s1|DDI-DrugBank.d78.s1.e11|DDI-DrugBank.d78.s1.e12|advise
DDI-DrugBank.d78.s10|DDI-DrugBank.d78.s10.e0|DDI-DrugBank.d78.s10.e1|effect
DDI-DrugBank.d78.s10|DDI-DrugBank.d78.s10.e0|DDI-DrugBank.d78.s10.e2|effect
DDI-DrugBank.d78.s10|DDI-DrugBank.d78.s10.e0|DDI-DrugBank.d78.s10.e3|effect
DDI-DrugBank.d514.s2|DDI-DrugBank.d514.s2.e0|DDI-DrugBank.d514.s2.e2|effect
DDI-DrugBank.d514.s2|DDI-DrugBank.d514.s2.e0|DDI-DrugBank.d514.s2.e3|effect
DDI-DrugBank.d514.s2|DDI-DrugBank.d514.s2.e0|DDI-DrugBank.d514.s2.e4|effect
DDI-DrugBank.d514.s2|DDI-DrugBank.d514.s2.e0|DDI-DrugBank.d514.s2.e5|effect
DDI-DrugBank.d514.s2|DDI-DrugBank.d514.s2.e0|DDI-DrugBank.d514.s2.e6|effect
DDI-DrugBank.d514.s2|DDI-DrugBank.d514.s2.e1|DDI-DrugBank.d514.s2.e3|effect
DDI-DrugBank.d514.s2|DDI-DrugBank.d514.s2.e1|DDI-DrugBank.d514.s2.e4|effect
DDI-DrugBank.d514.s2|DDI-DrugBank.d514.s2.e1|DDI-DrugBank.d514.s2.e5|effect
DDI-DrugBank.d514.s2|DDI-DrugBank.d514.s2.e1|DDI-DrugBank.d514.s2.e6|effect
DDI-DrugBank.d17.s12|DDI-DrugBank.d17.s12.e0|DDI-DrugBank.d17.s12.e1|effect
DDI-DrugBank.d97.s41|DDI-DrugBank.d97.s41.e0|DDI-DrugBank.d97.s41.e2|mechanism
DDI-DrugBank.d97.s41|DDI-DrugBank.d97.s41.e1|DDI-DrugBank.d97.s41.e2|mechanism
DDI-DrugBank.d97.s63|DDI-DrugBank.d97.s63.e0|DDI-DrugBank.d97.s63.e1|mechanism
DDI-DrugBank.d465.s0|DDI-DrugBank.d465.s0.e0|DDI-DrugBank.d465.s0.e1|effect
DDI-DrugBank.d81.s10|DDI-DrugBank.d81.s10.e0|DDI-DrugBank.d81.s10.e2|mechanism
DDI-DrugBank.d81.s10|DDI-DrugBank.d81.s10.e1|DDI-DrugBank.d81.s10.e2|mechanism
DDI-DrugBank.d320.s2|DDI-DrugBank.d320.s2.e0|DDI-DrugBank.d320.s2.e1|advise
DDI-DrugBank.d454.s0|DDI-DrugBank.d454.s0.e0|DDI-DrugBank.d454.s0.e1|effect
DDI-DrugBank.d454.s0|DDI-DrugBank.d454.s0.e0|DDI-DrugBank.d454.s0.e2|effect
DDI-DrugBank.d454.s0|DDI-DrugBank.d454.s0.e0|DDI-DrugBank.d454.s0.e3|effect
DDI-DrugBank.d454.s2|DDI-DrugBank.d454.s2.e0|DDI-DrugBank.d454.s2.e1|effect
DDI-DrugBank.d643.s0|DDI-DrugBank.d643.s0.e0|DDI-DrugBank.d643.s0.e1|int
DDI-DrugBank.d643.s0|DDI-DrugBank.d643.s0.e0|DDI-DrugBank.d643.s0.e2|int
DDI-DrugBank.d643.s0|DDI-DrugBank.d643.s0.e0|DDI-DrugBank.d643.s0.e3|int
DDI-DrugBank.d643.s0|DDI-DrugBank.d643.s0.e0|DDI-DrugBank.d643.s0.e4|int
DDI-DrugBank.d643.s0|DDI-DrugBank.d643.s0.e0|DDI-DrugBank.d643.s0.e5|int
DDI-DrugBank.d643.s0|DDI-DrugBank.d643.s0.e0|DDI-DrugBank.d643.s0.e6|int
DDI-DrugBank.d643.s0|DDI-DrugBank.d643.s0.e0|DDI-DrugBank.d643.s0.e7|int
DDI-DrugBank.d643.s0|DDI-DrugBank.d643.s0.e0|DDI-DrugBank.d643.s0.e8|int
DDI-DrugBank.d643.s0|DDI-DrugBank.d643.s0.e0|DDI-DrugBank.d643.s0.e9|int
DDI-DrugBank.d643.s0|DDI-DrugBank.d643.s0.e0|DDI-DrugBank.d643.s0.e10|int
DDI-DrugBank.d643.s0|DDI-DrugBank.d643.s0.e0|DDI-DrugBank.d643.s0.e11|int
DDI-DrugBank.d643.s0|DDI-DrugBank.d643.s0.e0|DDI-DrugBank.d643.s0.e12|int
DDI-DrugBank.d643.s0|DDI-DrugBank.d643.s0.e0|DDI-DrugBank.d643.s0.e13|int
DDI-DrugBank.d643.s0|DDI-DrugBank.d643.s0.e0|DDI-DrugBank.d643.s0.e14|int
DDI-DrugBank.d643.s0|DDI-DrugBank.d643.s0.e0|DDI-DrugBank.d643.s0.e15|int
DDI-DrugBank.d643.s0|DDI-DrugBank.d643.s0.e0|DDI-DrugBank.d643.s0.e16|int
DDI-DrugBank.d643.s0|DDI-DrugBank.d643.s0.e1|DDI-DrugBank.d643.s0.e13|effect
DDI-DrugBank.d643.s0|DDI-DrugBank.d643.s0.e1|DDI-DrugBank.d643.s0.e14|effect
DDI-DrugBank.d643.s0|DDI-DrugBank.d643.s0.e1|DDI-DrugBank.d643.s0.e15|effect
DDI-DrugBank.d643.s0|DDI-DrugBank.d643.s0.e1|DDI-DrugBank.d643.s0.e16|effect
DDI-DrugBank.d643.s0|DDI-DrugBank.d643.s0.e2|DDI-DrugBank.d643.s0.e13|effect
DDI-DrugBank.d643.s0|DDI-DrugBank.d643.s0.e2|DDI-DrugBank.d643.s0.e14|effect
DDI-DrugBank.d643.s0|DDI-DrugBank.d643.s0.e2|DDI-DrugBank.d643.s0.e15|effect
DDI-DrugBank.d643.s0|DDI-DrugBank.d643.s0.e2|DDI-DrugBank.d643.s0.e16|effect
DDI-DrugBank.d643.s0|DDI-DrugBank.d643.s0.e3|DDI-DrugBank.d643.s0.e13|effect
DDI-DrugBank.d643.s0|DDI-DrugBank.d643.s0.e3|DDI-DrugBank.d643.s0.e14|effect
DDI-DrugBank.d643.s0|DDI-DrugBank.d643.s0.e3|DDI-DrugBank.d643.s0.e15|effect
DDI-DrugBank.d643.s0|DDI-DrugBank.d643.s0.e3|DDI-DrugBank.d643.s0.e16|effect
DDI-DrugBank.d643.s0|DDI-DrugBank.d643.s0.e4|DDI-DrugBank.d643.s0.e13|effect
DDI-DrugBank.d643.s0|DDI-DrugBank.d643.s0.e4|DDI-DrugBank.d643.s0.e14|effect
DDI-DrugBank.d643.s0|DDI-DrugBank.d643.s0.e4|DDI-DrugBank.d643.s0.e15|effect
DDI-DrugBank.d643.s0|DDI-DrugBank.d643.s0.e4|DDI-DrugBank.d643.s0.e16|effect
DDI-DrugBank.d643.s0|DDI-DrugBank.d643.s0.e5|DDI-DrugBank.d643.s0.e13|effect
DDI-DrugBank.d643.s0|DDI-DrugBank.d643.s0.e5|DDI-DrugBank.d643.s0.e14|effect
DDI-DrugBank.d643.s0|DDI-DrugBank.d643.s0.e5|DDI-DrugBank.d643.s0.e15|effect
DDI-DrugBank.d643.s0|DDI-DrugBank.d643.s0.e5|DDI-DrugBank.d643.s0.e16|effect
DDI-DrugBank.d643.s0|DDI-DrugBank.d643.s0.e6|DDI-DrugBank.d643.s0.e13|effect
DDI-DrugBank.d643.s0|DDI-DrugBank.d643.s0.e6|DDI-DrugBank.d643.s0.e14|effect
DDI-DrugBank.d643.s0|DDI-DrugBank.d643.s0.e6|DDI-DrugBank.d643.s0.e15|effect
DDI-DrugBank.d643.s0|DDI-DrugBank.d643.s0.e6|DDI-DrugBank.d643.s0.e16|effect
DDI-DrugBank.d643.s0|DDI-DrugBank.d643.s0.e7|DDI-DrugBank.d643.s0.e13|effect
DDI-DrugBank.d643.s0|DDI-DrugBank.d643.s0.e7|DDI-DrugBank.d643.s0.e14|effect
DDI-DrugBank.d643.s0|DDI-DrugBank.d643.s0.e7|DDI-DrugBank.d643.s0.e15|effect
DDI-DrugBank.d643.s0|DDI-DrugBank.d643.s0.e7|DDI-DrugBank.d643.s0.e16|effect
DDI-DrugBank.d643.s0|DDI-DrugBank.d643.s0.e8|DDI-DrugBank.d643.s0.e13|effect
DDI-DrugBank.d643.s0|DDI-DrugBank.d643.s0.e8|DDI-DrugBank.d643.s0.e14|effect
DDI-DrugBank.d643.s0|DDI-DrugBank.d643.s0.e8|DDI-DrugBank.d643.s0.e15|effect
DDI-DrugBank.d643.s0|DDI-DrugBank.d643.s0.e8|DDI-DrugBank.d643.s0.e16|effect
DDI-DrugBank.d643.s0|DDI-DrugBank.d643.s0.e9|DDI-DrugBank.d643.s0.e13|effect
DDI-DrugBank.d643.s0|DDI-DrugBank.d643.s0.e9|DDI-DrugBank.d643.s0.e14|effect
DDI-DrugBank.d643.s0|DDI-DrugBank.d643.s0.e9|DDI-DrugBank.d643.s0.e15|effect
DDI-DrugBank.d643.s0|DDI-DrugBank.d643.s0.e9|DDI-DrugBank.d643.s0.e16|effect
DDI-DrugBank.d643.s0|DDI-DrugBank.d643.s0.e10|DDI-DrugBank.d643.s0.e13|effect
DDI-DrugBank.d643.s0|DDI-DrugBank.d643.s0.e10|DDI-DrugBank.d643.s0.e14|effect
DDI-DrugBank.d643.s0|DDI-DrugBank.d643.s0.e10|DDI-DrugBank.d643.s0.e15|effect
DDI-DrugBank.d643.s0|DDI-DrugBank.d643.s0.e10|DDI-DrugBank.d643.s0.e16|effect
DDI-DrugBank.d643.s0|DDI-DrugBank.d643.s0.e11|DDI-DrugBank.d643.s0.e13|effect
DDI-DrugBank.d643.s0|DDI-DrugBank.d643.s0.e11|DDI-DrugBank.d643.s0.e14|effect
DDI-DrugBank.d643.s0|DDI-DrugBank.d643.s0.e11|DDI-DrugBank.d643.s0.e15|effect
DDI-DrugBank.d643.s0|DDI-DrugBank.d643.s0.e11|DDI-DrugBank.d643.s0.e16|effect
DDI-DrugBank.d643.s0|DDI-DrugBank.d643.s0.e12|DDI-DrugBank.d643.s0.e13|effect
DDI-DrugBank.d643.s0|DDI-DrugBank.d643.s0.e12|DDI-DrugBank.d643.s0.e14|effect
DDI-DrugBank.d643.s0|DDI-DrugBank.d643.s0.e12|DDI-DrugBank.d643.s0.e15|effect
DDI-DrugBank.d643.s0|DDI-DrugBank.d643.s0.e12|DDI-DrugBank.d643.s0.e16|effect
DDI-DrugBank.d746.s1|DDI-DrugBank.d746.s1.e0|DDI-DrugBank.d746.s1.e2|effect
DDI-DrugBank.d746.s1|DDI-DrugBank.d746.s1.e1|DDI-DrugBank.d746.s1.e2|effect
DDI-DrugBank.d736.s7|DDI-DrugBank.d736.s7.e0|DDI-DrugBank.d736.s7.e1|effect
DDI-DrugBank.d706.s0|DDI-DrugBank.d706.s0.e0|DDI-DrugBank.d706.s0.e1|effect
DDI-DrugBank.d715.s1|DDI-DrugBank.d715.s1.e0|DDI-DrugBank.d715.s1.e2|effect
DDI-DrugBank.d640.s1|DDI-DrugBank.d640.s1.e0|DDI-DrugBank.d640.s1.e1|advise
DDI-DrugBank.d640.s1|DDI-DrugBank.d640.s1.e0|DDI-DrugBank.d640.s1.e2|advise
DDI-DrugBank.d14.s0|DDI-DrugBank.d14.s0.e0|DDI-DrugBank.d14.s0.e1|effect
DDI-DrugBank.d761.s0|DDI-DrugBank.d761.s0.e0|DDI-DrugBank.d761.s0.e3|effect
DDI-DrugBank.d761.s0|DDI-DrugBank.d761.s0.e0|DDI-DrugBank.d761.s0.e4|effect
DDI-DrugBank.d761.s0|DDI-DrugBank.d761.s0.e0|DDI-DrugBank.d761.s0.e5|effect
DDI-DrugBank.d761.s0|DDI-DrugBank.d761.s0.e1|DDI-DrugBank.d761.s0.e3|effect
DDI-DrugBank.d761.s0|DDI-DrugBank.d761.s0.e1|DDI-DrugBank.d761.s0.e4|effect
DDI-DrugBank.d761.s0|DDI-DrugBank.d761.s0.e1|DDI-DrugBank.d761.s0.e5|effect
DDI-DrugBank.d761.s0|DDI-DrugBank.d761.s0.e2|DDI-DrugBank.d761.s0.e4|effect
DDI-DrugBank.d761.s0|DDI-DrugBank.d761.s0.e2|DDI-DrugBank.d761.s0.e5|effect
DDI-DrugBank.d761.s8|DDI-DrugBank.d761.s8.e0|DDI-DrugBank.d761.s8.e2|effect
DDI-DrugBank.d761.s8|DDI-DrugBank.d761.s8.e1|DDI-DrugBank.d761.s8.e2|effect
DDI-DrugBank.d737.s4|DDI-DrugBank.d737.s4.e0|DDI-DrugBank.d737.s4.e2|mechanism
DDI-DrugBank.d737.s4|DDI-DrugBank.d737.s4.e1|DDI-DrugBank.d737.s4.e2|mechanism
DDI-DrugBank.d737.s5|DDI-DrugBank.d737.s5.e0|DDI-DrugBank.d737.s5.e2|mechanism
DDI-DrugBank.d737.s5|DDI-DrugBank.d737.s5.e1|DDI-DrugBank.d737.s5.e2|mechanism
DDI-DrugBank.d737.s6|DDI-DrugBank.d737.s6.e0|DDI-DrugBank.d737.s6.e13|mechanism
DDI-DrugBank.d737.s6|DDI-DrugBank.d737.s6.e1|DDI-DrugBank.d737.s6.e13|mechanism
DDI-DrugBank.d737.s6|DDI-DrugBank.d737.s6.e2|DDI-DrugBank.d737.s6.e13|mechanism
DDI-DrugBank.d737.s6|DDI-DrugBank.d737.s6.e3|DDI-DrugBank.d737.s6.e13|mechanism
DDI-DrugBank.d737.s6|DDI-DrugBank.d737.s6.e4|DDI-DrugBank.d737.s6.e13|mechanism
DDI-DrugBank.d737.s6|DDI-DrugBank.d737.s6.e5|DDI-DrugBank.d737.s6.e13|mechanism
DDI-DrugBank.d737.s6|DDI-DrugBank.d737.s6.e6|DDI-DrugBank.d737.s6.e13|mechanism
DDI-DrugBank.d737.s6|DDI-DrugBank.d737.s6.e7|DDI-DrugBank.d737.s6.e13|mechanism
DDI-DrugBank.d737.s6|DDI-DrugBank.d737.s6.e8|DDI-DrugBank.d737.s6.e13|mechanism
DDI-DrugBank.d737.s6|DDI-DrugBank.d737.s6.e9|DDI-DrugBank.d737.s6.e13|mechanism
DDI-DrugBank.d737.s6|DDI-DrugBank.d737.s6.e10|DDI-DrugBank.d737.s6.e13|mechanism
DDI-DrugBank.d737.s6|DDI-DrugBank.d737.s6.e11|DDI-DrugBank.d737.s6.e13|mechanism
DDI-DrugBank.d737.s6|DDI-DrugBank.d737.s6.e12|DDI-DrugBank.d737.s6.e13|mechanism
DDI-DrugBank.d124.s16|DDI-DrugBank.d124.s16.e0|DDI-DrugBank.d124.s16.e5|mechanism
DDI-DrugBank.d124.s16|DDI-DrugBank.d124.s16.e1|DDI-DrugBank.d124.s16.e5|mechanism
DDI-DrugBank.d124.s16|DDI-DrugBank.d124.s16.e2|DDI-DrugBank.d124.s16.e5|mechanism
DDI-DrugBank.d124.s16|DDI-DrugBank.d124.s16.e3|DDI-DrugBank.d124.s16.e5|mechanism
DDI-DrugBank.d124.s16|DDI-DrugBank.d124.s16.e4|DDI-DrugBank.d124.s16.e5|mechanism
DDI-DrugBank.d124.s18|DDI-DrugBank.d124.s18.e0|DDI-DrugBank.d124.s18.e3|mechanism
DDI-DrugBank.d124.s18|DDI-DrugBank.d124.s18.e1|DDI-DrugBank.d124.s18.e3|mechanism
DDI-DrugBank.d124.s18|DDI-DrugBank.d124.s18.e2|DDI-DrugBank.d124.s18.e3|mechanism
DDI-DrugBank.d179.s1|DDI-DrugBank.d179.s1.e0|DDI-DrugBank.d179.s1.e1|int
DDI-DrugBank.d179.s1|DDI-DrugBank.d179.s1.e0|DDI-DrugBank.d179.s1.e2|int
DDI-DrugBank.d179.s38|DDI-DrugBank.d179.s38.e0|DDI-DrugBank.d179.s38.e4|mechanism
DDI-DrugBank.d179.s38|DDI-DrugBank.d179.s38.e1|DDI-DrugBank.d179.s38.e4|mechanism
DDI-DrugBank.d179.s38|DDI-DrugBank.d179.s38.e2|DDI-DrugBank.d179.s38.e4|mechanism
DDI-DrugBank.d179.s38|DDI-DrugBank.d179.s38.e3|DDI-DrugBank.d179.s38.e4|mechanism
DDI-DrugBank.d179.s40|DDI-DrugBank.d179.s40.e0|DDI-DrugBank.d179.s40.e4|mechanism
DDI-DrugBank.d179.s40|DDI-DrugBank.d179.s40.e1|DDI-DrugBank.d179.s40.e4|mechanism
DDI-DrugBank.d179.s40|DDI-DrugBank.d179.s40.e2|DDI-DrugBank.d179.s40.e4|mechanism
DDI-DrugBank.d179.s40|DDI-DrugBank.d179.s40.e3|DDI-DrugBank.d179.s40.e4|mechanism
DDI-DrugBank.d782.s0|DDI-DrugBank.d782.s0.e0|DDI-DrugBank.d782.s0.e1|int
DDI-DrugBank.d782.s0|DDI-DrugBank.d782.s0.e0|DDI-DrugBank.d782.s0.e2|int
DDI-DrugBank.d782.s0|DDI-DrugBank.d782.s0.e0|DDI-DrugBank.d782.s0.e3|int
DDI-DrugBank.d782.s0|DDI-DrugBank.d782.s0.e0|DDI-DrugBank.d782.s0.e4|int
DDI-DrugBank.d782.s0|DDI-DrugBank.d782.s0.e0|DDI-DrugBank.d782.s0.e5|int
DDI-DrugBank.d782.s0|DDI-DrugBank.d782.s0.e0|DDI-DrugBank.d782.s0.e6|int
DDI-DrugBank.d782.s0|DDI-DrugBank.d782.s0.e1|DDI-DrugBank.d782.s0.e4|effect
DDI-DrugBank.d782.s0|DDI-DrugBank.d782.s0.e1|DDI-DrugBank.d782.s0.e5|effect
DDI-DrugBank.d782.s0|DDI-DrugBank.d782.s0.e1|DDI-DrugBank.d782.s0.e6|effect
DDI-DrugBank.d782.s0|DDI-DrugBank.d782.s0.e2|DDI-DrugBank.d782.s0.e4|effect
DDI-DrugBank.d782.s0|DDI-DrugBank.d782.s0.e2|DDI-DrugBank.d782.s0.e5|effect
DDI-DrugBank.d782.s0|DDI-DrugBank.d782.s0.e2|DDI-DrugBank.d782.s0.e6|effect
DDI-DrugBank.d782.s0|DDI-DrugBank.d782.s0.e3|DDI-DrugBank.d782.s0.e4|effect
DDI-DrugBank.d782.s0|DDI-DrugBank.d782.s0.e3|DDI-DrugBank.d782.s0.e5|effect
DDI-DrugBank.d782.s0|DDI-DrugBank.d782.s0.e3|DDI-DrugBank.d782.s0.e6|effect
DDI-DrugBank.d782.s0|DDI-DrugBank.d782.s0.e4|DDI-DrugBank.d782.s0.e6|effect
DDI-DrugBank.d782.s0|DDI-DrugBank.d782.s0.e5|DDI-DrugBank.d782.s0.e6|effect
DDI-DrugBank.d759.s0|DDI-DrugBank.d759.s0.e0|DDI-DrugBank.d759.s0.e1|effect
