read params
Training CRF model...
Feature generation
type: CRF1d
feature.minfreq: 1.000000
feature.possible_states: 0
feature.possible_transitions: 0
0....1....2....3....4....5....6....7....8....9....10
Number of features: 303438
Seconds required: 0.819

L-BFGS optimization
c1: 0.050000
c2: 0.500000
num_memories: 6
max_iterations: 100
epsilon: 0.000010
stop: 10
delta: 0.000010
linesearch: MoreThuente
linesearch.max_iterations: 20

***** Iteration #1 *****
Loss: 79409.934058
Feature norm: 1.000000
Error norm: 47475.588776
Active features: 302117
Line search trials: 1
Line search step: 0.000002
Seconds required for this iteration: 0.509

***** Iteration #2 *****
Loss: 75619.015409
Feature norm: 0.958278
Error norm: 41133.165372
Active features: 288169
Line search trials: 1
Line search step: 1.000000
Seconds required for this iteration: 0.254

***** Iteration #3 *****
Loss: 64890.700523
Feature norm: 1.014346
Error norm: 65736.032113
Active features: 275506
Line search trials: 1
Line search step: 1.000000
Seconds required for this iteration: 0.256

***** Iteration #4 *****
Loss: 58495.805046
Feature norm: 1.153677
Error norm: 35706.756960
Active features: 291549
Line search trials: 1
Line search step: 1.000000
Seconds required for this iteration: 0.257

***** Iteration #5 *****
Loss: 44662.074873
Feature norm: 2.036878
Error norm: 24835.589672
Active features: 297825
Line search trials: 1
Line search step: 1.000000
Seconds required for this iteration: 0.261

***** Iteration #6 *****
Loss: 40118.200978
Feature norm: 2.485390
Error norm: 27013.430025
Active features: 299603
Line search trials: 1
Line search step: 1.000000
Seconds required for this iteration: 0.259

***** Iteration #7 *****
Loss: 35456.935560
Feature norm: 2.831658
Error norm: 14326.392565
Active features: 300836
Line search trials: 1
Line search step: 1.000000
Seconds required for this iteration: 0.264

***** Iteration #8 *****
Loss: 28227.905246
Feature norm: 3.919234
Error norm: 14724.924864
Active features: 298776
Line search trials: 1
Line search step: 1.000000
Seconds required for this iteration: 0.257

***** Iteration #9 *****
Loss: 23019.744401
Feature norm: 4.973445
Error norm: 8376.356400
Active features: 295757
Line search trials: 1
Line search step: 1.000000
Seconds required for this iteration: 0.264

***** Iteration #10 *****
Loss: 18540.143754
Feature norm: 6.239723
Error norm: 11338.358429
Active features: 287120
Line search trials: 1
Line search step: 1.000000
Seconds required for this iteration: 0.255

***** Iteration #11 *****
Loss: 15395.012444
Feature norm: 7.141784
Error norm: 7873.821214
Active features: 273366
Line search trials: 1
Line search step: 1.000000
Seconds required for this iteration: 0.259

***** Iteration #12 *****
Loss: 13096.280346
Feature norm: 8.496623
Error norm: 10819.037813
Active features: 264918
Line search trials: 1
Line search step: 1.000000
Seconds required for this iteration: 0.257

***** Iteration #13 *****
Loss: 11404.251865
Feature norm: 9.273280
Error norm: 2570.831328
Active features: 263106
Line search trials: 1
Line search step: 1.000000
Seconds required for this iteration: 0.258

***** Iteration #14 *****
Loss: 9827.716205
Feature norm: 10.543049
Error norm: 2996.015496
Active features: 258902
Line search trials: 1
Line search step: 1.000000
Seconds required for this iteration: 0.257

***** Iteration #15 *****
Loss: 8504.735037
Feature norm: 12.442408
Error norm: 6003.088971
Active features: 247818
Line search trials: 1
Line search step: 1.000000
Seconds required for this iteration: 0.256

***** Iteration #16 *****
Loss: 7414.193406
Feature norm: 13.435289
Error norm: 1709.513823
Active features: 243760
Line search trials: 1
Line search step: 1.000000
Seconds required for this iteration: 0.258

***** Iteration #17 *****
Loss: 6497.867254
Feature norm: 15.052809
Error norm: 1792.337315
Active features: 233657
Line search trials: 1
Line search step: 1.000000
Seconds required for this iteration: 0.257

***** Iteration #18 *****
Loss: 5469.334784
Feature norm: 17.374242
Error norm: 3033.293039
Active features: 211921
Line search trials: 1
Line search step: 1.000000
Seconds required for this iteration: 0.255

***** Iteration #19 *****
Loss: 4713.086771
Feature norm: 19.160596
Error norm: 2429.692792
Active features: 199590
Line search trials: 1
Line search step: 1.000000
Seconds required for this iteration: 0.255

***** Iteration #20 *****
Loss: 4202.871964
Feature norm: 20.172459
Error norm: 938.165236
Active features: 188891
Line search trials: 1
Line search step: 1.000000
Seconds required for this iteration: 0.264

***** Iteration #21 *****
Loss: 3712.473349
Feature norm: 21.779294
Error norm: 1605.569320
Active features: 168267
Line search trials: 1
Line search step: 1.000000
Seconds required for this iteration: 0.271

***** Iteration #22 *****
Loss: 3241.728992
Feature norm: 23.031989
Error norm: 1208.308661
Active features: 155002
Line search trials: 1
Line search step: 1.000000
Seconds required for this iteration: 0.261

***** Iteration #23 *****
Loss: 2875.653891
Feature norm: 24.131690
Error norm: 1480.328682
Active features: 146957
Line search trials: 1
Line search step: 1.000000
Seconds required for this iteration: 0.252

***** Iteration #24 *****
Loss: 2575.453342
Feature norm: 24.807814
Error norm: 764.135045
Active features: 141629
Line search trials: 1
Line search step: 1.000000
Seconds required for this iteration: 0.256

***** Iteration #25 *****
Loss: 2355.379131
Feature norm: 25.825493
Error norm: 824.609551
Active features: 133796
Line search trials: 1
Line search step: 1.000000
Seconds required for this iteration: 0.256

***** Iteration #26 *****
Loss: 2184.286430
Feature norm: 26.415234
Error norm: 432.910666
Active features: 129051
Line search trials: 1
Line search step: 1.000000
Seconds required for this iteration: 0.256

***** Iteration #27 *****
Loss: 2048.498872
Feature norm: 27.272006
Error norm: 787.002234
Active features: 126732
Line search trials: 1
Line search step: 1.000000
Seconds required for this iteration: 0.261

***** Iteration #28 *****
Loss: 1926.820283
Feature norm: 27.975437
Error norm: 223.776591
Active features: 118676
Line search trials: 1
Line search step: 1.000000
Seconds required for this iteration: 0.254

***** Iteration #29 *****
Loss: 1814.135500
Feature norm: 29.057684
Error norm: 373.141271
Active features: 114013
Line search trials: 1
Line search step: 1.000000
Seconds required for this iteration: 0.255

***** Iteration #30 *****
Loss: 1723.448567
Feature norm: 29.730576
Error norm: 418.647690
Active features: 110356
Line search trials: 1
Line search step: 1.000000
Seconds required for this iteration: 0.258

***** Iteration #31 *****
Loss: 1652.160851
Feature norm: 30.312734
Error norm: 436.607865
Active features: 106684
Line search trials: 1
Line search step: 1.000000
Seconds required for this iteration: 0.254

***** Iteration #32 *****
Loss: 1595.441955
Feature norm: 30.579628
Error norm: 309.907913
Active features: 103847
Line search trials: 1
Line search step: 1.000000
Seconds required for this iteration: 0.257

***** Iteration #33 *****
Loss: 1544.750895
Feature norm: 30.837606
Error norm: 296.293586
Active features: 101301
Line search trials: 1
Line search step: 1.000000
Seconds required for this iteration: 0.262

***** Iteration #34 *****
Loss: 1500.752469
Feature norm: 30.931788
Error norm: 192.074087
Active features: 99020
Line search trials: 1
Line search step: 1.000000
Seconds required for this iteration: 0.256

***** Iteration #35 *****
Loss: 1464.248952
Feature norm: 31.166429
Error norm: 335.874892
Active features: 98023
Line search trials: 1
Line search step: 1.000000
Seconds required for this iteration: 0.256

***** Iteration #36 *****
Loss: 1433.997853
Feature norm: 31.316202
Error norm: 201.177619
Active features: 94926
Line search trials: 1
Line search step: 1.000000
Seconds required for this iteration: 0.257

***** Iteration #37 *****
Loss: 1410.137139
Feature norm: 31.563638
Error norm: 250.769968
Active features: 93653
Line search trials: 1
Line search step: 1.000000
Seconds required for this iteration: 0.256

***** Iteration #38 *****
Loss: 1389.050659
Feature norm: 31.722712
Error norm: 84.068356
Active features: 91100
Line search trials: 1
Line search step: 1.000000
Seconds required for this iteration: 0.257

***** Iteration #39 *****
Loss: 1371.591181
Feature norm: 31.941010
Error norm: 311.586767
Active features: 88854
Line search trials: 1
Line search step: 1.000000
Seconds required for this iteration: 0.254

***** Iteration #40 *****
Loss: 1357.973539
Feature norm: 32.067884
Error norm: 255.654267
Active features: 86284
Line search trials: 1
Line search step: 1.000000
Seconds required for this iteration: 0.253

***** Iteration #41 *****
Loss: 1347.158746
Feature norm: 32.190278
Error norm: 282.293075
Active features: 85716
Line search trials: 1
Line search step: 1.000000
Seconds required for this iteration: 0.254

***** Iteration #42 *****
Loss: 1337.969402
Feature norm: 32.230632
Error norm: 136.622485
Active features: 85085
Line search trials: 1
Line search step: 1.000000
Seconds required for this iteration: 0.255

***** Iteration #43 *****
Loss: 1328.778673
Feature norm: 32.318875
Error norm: 269.970701
Active features: 84071
Line search trials: 1
Line search step: 1.000000
Seconds required for this iteration: 0.255

***** Iteration #44 *****
Loss: 1320.598133
Feature norm: 32.321384
Error norm: 201.064251
Active features: 82894
Line search trials: 1
Line search step: 1.000000
Seconds required for this iteration: 0.256

***** Iteration #45 *****
Loss: 1313.193220
Feature norm: 32.362665
Error norm: 230.246934
Active features: 82360
Line search trials: 1
Line search step: 1.000000
Seconds required for this iteration: 0.264

***** Iteration #46 *****
Loss: 1307.113986
Feature norm: 32.340121
Error norm: 158.192951
Active features: 81295
Line search trials: 1
Line search step: 1.000000
Seconds required for this iteration: 0.258

***** Iteration #47 *****
Loss: 1301.274930
Feature norm: 32.352471
Error norm: 211.835351
Active features: 80205
Line search trials: 1
Line search step: 1.000000
Seconds required for this iteration: 0.255

***** Iteration #48 *****
Loss: 1296.412522
Feature norm: 32.319098
Error norm: 149.811534
Active features: 79277
Line search trials: 1
Line search step: 1.000000
Seconds required for this iteration: 0.256

***** Iteration #49 *****
Loss: 1291.796018
Feature norm: 32.326023
Error norm: 183.608694
Active features: 78786
Line search trials: 1
Line search step: 1.000000
Seconds required for this iteration: 0.257

***** Iteration #50 *****
Loss: 1288.024393
Feature norm: 32.288967
Error norm: 143.672973
Active features: 77849
Line search trials: 1
Line search step: 1.000000
Seconds required for this iteration: 0.257

***** Iteration #51 *****
Loss: 1283.895263
Feature norm: 32.303205
Error norm: 166.148220
Active features: 77161
Line search trials: 1
Line search step: 1.000000
Seconds required for this iteration: 0.254

***** Iteration #52 *****
Loss: 1279.997414
Feature norm: 32.280675
Error norm: 137.471331
Active features: 76295
Line search trials: 1
Line search step: 1.000000
Seconds required for this iteration: 0.259

***** Iteration #53 *****
Loss: 1276.053920
Feature norm: 32.283350
Error norm: 180.568144
Active features: 75442
Line search trials: 1
Line search step: 1.000000
Seconds required for this iteration: 0.258

***** Iteration #54 *****
Loss: 1273.877278
Feature norm: 32.274945
Error norm: 220.936975
Active features: 74610
Line search trials: 1
Line search step: 1.000000
Seconds required for this iteration: 0.255

***** Iteration #55 *****
Loss: 1270.364492
Feature norm: 32.294986
Error norm: 143.913919
Active features: 74269
Line search trials: 1
Line search step: 1.000000
Seconds required for this iteration: 0.328

***** Iteration #56 *****
Loss: 1268.105879
Feature norm: 32.306671
Error norm: 125.321697
Active features: 73830
Line search trials: 1
Line search step: 1.000000
Seconds required for this iteration: 0.269

***** Iteration #57 *****
Loss: 1265.654254
Feature norm: 32.305500
Error norm: 129.733413
Active features: 73435
Line search trials: 1
Line search step: 1.000000
Seconds required for this iteration: 0.276

***** Iteration #58 *****
Loss: 1264.050697
Feature norm: 32.314825
Error norm: 169.230594
Active features: 72668
Line search trials: 1
Line search step: 1.000000
Seconds required for this iteration: 0.306

***** Iteration #59 *****
Loss: 1261.927256
Feature norm: 32.323560
Error norm: 181.073164
Active features: 72113
Line search trials: 1
Line search step: 1.000000
Seconds required for this iteration: 0.277

***** Iteration #60 *****
Loss: 1260.240559
Feature norm: 32.339654
Error norm: 161.757859
Active features: 71726
Line search trials: 1
Line search step: 1.000000
Seconds required for this iteration: 0.302

***** Iteration #61 *****
Loss: 1258.356973
Feature norm: 32.356152
Error norm: 140.679260
Active features: 71433
Line search trials: 1
Line search step: 1.000000
Seconds required for this iteration: 0.320

***** Iteration #62 *****
Loss: 1257.122097
Feature norm: 32.369124
Error norm: 133.315940
Active features: 71165
Line search trials: 1
Line search step: 1.000000
Seconds required for this iteration: 0.299

***** Iteration #63 *****
Loss: 1255.603715
Feature norm: 32.389012
Error norm: 128.283903
Active features: 70923
Line search trials: 1
Line search step: 1.000000
Seconds required for this iteration: 0.275

***** Iteration #64 *****
Loss: 1254.264347
Feature norm: 32.388170
Error norm: 137.181019
Active features: 70530
Line search trials: 1
Line search step: 1.000000
Seconds required for this iteration: 0.301

***** Iteration #65 *****
Loss: 1252.889967
Feature norm: 32.408477
Error norm: 143.239361
Active features: 70332
Line search trials: 1
Line search step: 1.000000
Seconds required for this iteration: 0.273

***** Iteration #66 *****
Loss: 1252.005466
Feature norm: 32.405081
Error norm: 174.120008
Active features: 69933
Line search trials: 1
Line search step: 1.000000
Seconds required for this iteration: 0.262

***** Iteration #67 *****
Loss: 1250.687231
Feature norm: 32.432030
Error norm: 155.445185
Active features: 69848
Line search trials: 1
Line search step: 1.000000
Seconds required for this iteration: 0.259

***** Iteration #68 *****
Loss: 1249.413261
Feature norm: 32.431081
Error norm: 129.190730
Active features: 69649
Line search trials: 1
Line search step: 1.000000
Seconds required for this iteration: 0.256

***** Iteration #69 *****
Loss: 1248.414484
Feature norm: 32.451646
Error norm: 123.506423
Active features: 69530
Line search trials: 1
Line search step: 1.000000
Seconds required for this iteration: 0.251

***** Iteration #70 *****
Loss: 1247.396608
Feature norm: 32.447584
Error norm: 111.527287
Active features: 69309
Line search trials: 1
Line search step: 1.000000
Seconds required for this iteration: 0.253

***** Iteration #71 *****
Loss: 1246.591725
Feature norm: 32.466588
Error norm: 129.784424
Active features: 69139
Line search trials: 1
Line search step: 1.000000
Seconds required for this iteration: 0.250

***** Iteration #72 *****
Loss: 1245.614878
Feature norm: 32.463758
Error norm: 116.423663
Active features: 68898
Line search trials: 1
Line search step: 1.000000
Seconds required for this iteration: 0.254

***** Iteration #73 *****
Loss: 1244.957462
Feature norm: 32.485922
Error norm: 139.230267
Active features: 68788
Line search trials: 1
Line search step: 1.000000
Seconds required for this iteration: 0.249

***** Iteration #74 *****
Loss: 1244.024507
Feature norm: 32.486523
Error norm: 121.907463
Active features: 68618
Line search trials: 1
Line search step: 1.000000
Seconds required for this iteration: 0.255

***** Iteration #75 *****
Loss: 1243.341201
Feature norm: 32.509965
Error norm: 131.372958
Active features: 68545
Line search trials: 1
Line search step: 1.000000
Seconds required for this iteration: 0.251

***** Iteration #76 *****
Loss: 1242.342061
Feature norm: 32.507748
Error norm: 98.424587
Active features: 68411
Line search trials: 1
Line search step: 1.000000
Seconds required for this iteration: 0.252

***** Iteration #77 *****
Loss: 1241.767376
Feature norm: 32.529994
Error norm: 117.571477
Active features: 68358
Line search trials: 1
Line search step: 1.000000
Seconds required for this iteration: 0.253

***** Iteration #78 *****
Loss: 1240.957084
Feature norm: 32.526810
Error norm: 100.031727
Active features: 68224
Line search trials: 1
Line search step: 1.000000
Seconds required for this iteration: 0.254

***** Iteration #79 *****
Loss: 1240.386881
Feature norm: 32.552854
Error norm: 120.645164
Active features: 68108
Line search trials: 1
Line search step: 1.000000
Seconds required for this iteration: 0.258

***** Iteration #80 *****
Loss: 1239.563785
Feature norm: 32.549426
Error norm: 103.645985
Active features: 67994
Line search trials: 1
Line search step: 1.000000
Seconds required for this iteration: 0.262

***** Iteration #81 *****
Loss: 1239.077240
Feature norm: 32.577814
Error norm: 129.367856
Active features: 67843
Line search trials: 1
Line search step: 1.000000
Seconds required for this iteration: 0.257

***** Iteration #82 *****
Loss: 1238.236691
Feature norm: 32.577196
Error norm: 104.557181
Active features: 67734
Line search trials: 1
Line search step: 1.000000
Seconds required for this iteration: 0.254

***** Iteration #83 *****
Loss: 1237.404292
Feature norm: 32.594826
Error norm: 103.704210
Active features: 67665
Line search trials: 1
Line search step: 1.000000
Seconds required for this iteration: 0.257

***** Iteration #84 *****
Loss: 1236.616821
Feature norm: 32.596719
Error norm: 93.967386
Active features: 67577
Line search trials: 1
Line search step: 1.000000
Seconds required for this iteration: 0.256

***** Iteration #85 *****
Loss: 1236.118315
Feature norm: 32.609331
Error norm: 131.343128
Active features: 67430
Line search trials: 1
Line search step: 1.000000
Seconds required for this iteration: 0.253

***** Iteration #86 *****
Loss: 1235.296904
Feature norm: 32.614402
Error norm: 103.478476
Active features: 67238
Line search trials: 1
Line search step: 1.000000
Seconds required for this iteration: 0.254

***** Iteration #87 *****
Loss: 1234.672236
Feature norm: 32.628751
Error norm: 119.479453
Active features: 67129
Line search trials: 1
Line search step: 1.000000
Seconds required for this iteration: 0.254

***** Iteration #88 *****
Loss: 1233.841895
Feature norm: 32.631925
Error norm: 81.060717
Active features: 67048
Line search trials: 1
Line search step: 1.000000
Seconds required for this iteration: 0.255

***** Iteration #89 *****
Loss: 1233.350409
Feature norm: 32.643859
Error norm: 111.632017
Active features: 66967
Line search trials: 1
Line search step: 1.000000
Seconds required for this iteration: 0.254

***** Iteration #90 *****
Loss: 1232.612226
Feature norm: 32.649112
Error norm: 80.654497
Active features: 66846
Line search trials: 1
Line search step: 1.000000
Seconds required for this iteration: 0.251

***** Iteration #91 *****
Loss: 1232.222469
Feature norm: 32.659513
Error norm: 117.766389
Active features: 66803
Line search trials: 1
Line search step: 1.000000
Seconds required for this iteration: 0.259

***** Iteration #92 *****
Loss: 1231.463357
Feature norm: 32.665523
Error norm: 80.509567
Active features: 66759
Line search trials: 1
Line search step: 1.000000
Seconds required for this iteration: 0.249

***** Iteration #93 *****
Loss: 1231.120054
Feature norm: 32.676732
Error norm: 121.215736
Active features: 66684
Line search trials: 1
Line search step: 1.000000
Seconds required for this iteration: 0.265

***** Iteration #94 *****
Loss: 1230.389512
Feature norm: 32.682836
Error norm: 86.234560
Active features: 66577
Line search trials: 1
Line search step: 1.000000
Seconds required for this iteration: 0.249

***** Iteration #95 *****
Loss: 1230.022741
Feature norm: 32.692714
Error norm: 119.339738
Active features: 66560
Line search trials: 1
Line search step: 1.000000
Seconds required for this iteration: 0.256

***** Iteration #96 *****
Loss: 1229.317215
Feature norm: 32.695152
Error norm: 81.519527
Active features: 66450
Line search trials: 1
Line search step: 1.000000
Seconds required for this iteration: 0.254

***** Iteration #97 *****
Loss: 1228.921350
Feature norm: 32.702754
Error norm: 115.031226
Active features: 66363
Line search trials: 1
Line search step: 1.000000
Seconds required for this iteration: 0.261

***** Iteration #98 *****
Loss: 1228.266739
Feature norm: 32.701655
Error norm: 79.529435
Active features: 66303
Line search trials: 1
Line search step: 1.000000
Seconds required for this iteration: 0.251

***** Iteration #99 *****
Loss: 1227.984370
Feature norm: 32.708926
Error norm: 125.670858
Active features: 66203
Line search trials: 1
Line search step: 1.000000
Seconds required for this iteration: 0.254

***** Iteration #100 *****
Loss: 1227.273857
Feature norm: 32.708053
Error norm: 79.997109
Active features: 66075
Line search trials: 1
Line search step: 1.000000
Seconds required for this iteration: 0.252

L-BFGS terminated with the maximum number of iterations
Total seconds required for training: 26.287

Storing the model
Number of active features: 66075 (303438)
Number of active attributes: 35791 (230932)
Number of active labels: 9 (9)
Writing labels
Writing attributes
Writing feature references for transitions
Writing feature references for attributes
Seconds required: 0.022

Running CRF model...
